
Memory Configuration

Name             Origin             Length             Attributes
flash            0x08000000         0x00020000         xr
sram             0x20000000         0x00005000         xrw
*default*        0x00000000         0xffffffff

Linker script and memory map


.text           0x08000000       0xb0
 *(.vectors*)
 .vectors       0x08000000       0x1c startup.o
                0x08000000                vectors
 *(.text*)
 .text          0x0800001c       0x7c main.o
                0x0800001c                main
 .text          0x08000098       0x18 startup.o
                0x08000098                MM_Fault_Handler
                0x08000098                Usage_Fault_Handler
                0x08000098                Bus_Fault
                0x08000098                Default_Handler
                0x08000098                H_fault_Handler
                0x08000098                NMI_Handler
                0x080000a4                Reset_Handler
 *(.rodata)
                0x080000b0                _E_text = .

.glue_7         0x080000b0        0x0
 .glue_7        0x080000b0        0x0 linker stubs

.glue_7t        0x080000b0        0x0
 .glue_7t       0x080000b0        0x0 linker stubs

.vfp11_veneer   0x080000b0        0x0
 .vfp11_veneer  0x080000b0        0x0 linker stubs

.v4_bx          0x080000b0        0x0
 .v4_bx         0x080000b0        0x0 linker stubs

.iplt           0x080000b0        0x0
 .iplt          0x080000b0        0x0 main.o

.rel.dyn        0x080000b0        0x0
 .rel.iplt      0x080000b0        0x0 main.o

.data           0x20000000        0xb load address 0x080000b0
                0x20000000                _S_DATA = .
 *(.data*)
 .data          0x20000000        0xb main.o
                0x20000000                R_ODR
                0x20000004                g_value
                0x20000008                const_vaariables
 .data          0x2000000b        0x0 startup.o
                0x2000000b                _E_DATA = .

.igot.plt       0x2000000c        0x0 load address 0x080000bb
 .igot.plt      0x2000000c        0x0 main.o

.bss            0x2000000b     0x1001 load address 0x080000bb
                0x2000000b                _S_bss = .
 *(.bss*)
 .bss           0x2000000b        0x0 main.o
 .bss           0x2000000b        0x0 startup.o
                0x2000000c                . = ALIGN (0x4)
 *fill*         0x2000000b        0x1 
                0x2000000c                _E_bss = .
                0x2000000c                . = ALIGN (0x4)
                0x2000100c                . = (. + 0x1000)
 *fill*         0x2000000c     0x1000 
                0x2000100c                _stack_top = .
LOAD main.o
LOAD startup.o
OUTPUT(learn_in_depth_cortex_m3.elf elf32-littlearm)

.debug_info     0x00000000      0x252
 .debug_info    0x00000000      0x183 main.o
 .debug_info    0x00000183       0xcf startup.o

.debug_abbrev   0x00000000      0x178
 .debug_abbrev  0x00000000       0xf0 main.o
 .debug_abbrev  0x000000f0       0x88 startup.o

.debug_loc      0x00000000       0x90
 .debug_loc     0x00000000       0x38 main.o
 .debug_loc     0x00000038       0x58 startup.o

.debug_aranges  0x00000000       0x40
 .debug_aranges
                0x00000000       0x20 main.o
 .debug_aranges
                0x00000020       0x20 startup.o

.debug_line     0x00000000      0x200
 .debug_line    0x00000000      0x10b main.o
 .debug_line    0x0000010b       0xf5 startup.o

.debug_str      0x00000000      0x17b
 .debug_str     0x00000000      0x14b main.o
                                0x188 (size before relaxing)
 .debug_str     0x0000014b       0x30 startup.o
                                0x162 (size before relaxing)

.comment        0x00000000       0x7e
 .comment       0x00000000       0x7e main.o
                                 0x7f (size before relaxing)
 .comment       0x0000007e       0x7f startup.o

.ARM.attributes
                0x00000000       0x33
 .ARM.attributes
                0x00000000       0x33 main.o
 .ARM.attributes
                0x00000033       0x33 startup.o

.debug_frame    0x00000000       0x74
 .debug_frame   0x00000000       0x2c main.o
 .debug_frame   0x0000002c       0x48 startup.o
