
Allocating common symbols
Common symbol       size              file

led_State_iD        0x1               alarmLed.o
ps_state_id         0x1               highPressure.o
monitorAlarm_id     0x1               alarmMonitor.o
main_State_id       0x1               highPressure.o

Memory Configuration

Name             Origin             Length             Attributes
flash            0x08000000         0x00020000         xr
sram             0x20000000         0x00007800         xrw
*default*        0x00000000         0xffffffff

Linker script and memory map


.text           0x08000000      0x400
 *(.vectors*)
 .vectors       0x08000000       0x10 startup.o
                0x08000000                g_p_func_Vectors
 *(.text*)
 .text          0x08000010       0xec alarmLed.o
                0x08000010                StartAlarm
                0x0800002c                StopAlarm
                0x08000048                ST_led_init
                0x0800007c                ST_led_waiting
                0x08000094                ST_Led_on
                0x080000c8                ST_Led_off
 .text          0x080000fc       0x8c alarmMonitor.o
                0x080000fc                highPressureDetected
                0x08000118                ST_Alarm_off
                0x08000130                ST_Alarm_on
                0x08000164                ST_Waiting
 .text          0x08000188       0xc4 driver.o
                0x08000188                Delay
                0x080001a8                getPressureVal
                0x080001c0                Set_Alarm_actuator
                0x080001fc                GPIO_INITIALIZATION
 .text          0x0800024c       0x88 highPressure.o
                0x0800024c                ST_ps_init
                0x08000270                ST_reading
                0x080002ac                ST_WAiting
 .text          0x080002d4       0x30 main.o
                0x080002d4                main
 .text          0x08000304       0x6c mAlgo.o
                0x08000304                setPressure
                0x08000330                ST_highPressure_state
 .text          0x08000370       0x90 startup.o
                0x08000370                H_fault_Handler
                0x08000370                Default_Handler
                0x08000370                NMI_Handler
                0x0800037c                Reset_Handler
 *(.rodata)
                0x08000400                _E_text = .

.glue_7         0x08000400        0x0
 .glue_7        0x08000400        0x0 linker stubs

.glue_7t        0x08000400        0x0
 .glue_7t       0x08000400        0x0 linker stubs

.vfp11_veneer   0x08000400        0x0
 .vfp11_veneer  0x08000400        0x0 linker stubs

.v4_bx          0x08000400        0x0
 .v4_bx         0x08000400        0x0 linker stubs

.iplt           0x08000400        0x0
 .iplt          0x08000400        0x0 alarmLed.o

.rel.dyn        0x08000400        0x0
 .rel.iplt      0x08000400        0x0 alarmLed.o

.data           0x20000000       0x18 load address 0x08000400
                0x20000000                _S_DATA = .
 *(.data)
 .data          0x20000000        0x0 alarmLed.o
 .data          0x20000000        0x4 alarmMonitor.o
                0x20000000                alarmPeriod
 .data          0x20000004        0x0 driver.o
 .data          0x20000004        0x0 highPressure.o
 .data          0x20000004       0x10 main.o
                0x20000004                p_state
                0x20000008                led_state
                0x2000000c                AMontor_state
                0x20000010                mAlgo_state
 .data          0x20000014        0x4 mAlgo.o
                0x20000014                threshold
 .data          0x20000018        0x0 startup.o
                0x20000018                . = ALIGN (0x4)
                0x20000018                _E_DATA = .

.igot.plt       0x20000018        0x0 load address 0x08000418
 .igot.plt      0x20000018        0x0 alarmLed.o

.debug          0x00000000     0x662c
 *(.debug*)
 .debug_info    0x00000000      0xa75 alarmLed.o
 .debug_abbrev  0x00000a75      0x1e1 alarmLed.o
 .debug_loc     0x00000c56      0x180 alarmLed.o
 .debug_aranges
                0x00000dd6       0x20 alarmLed.o
 .debug_line    0x00000df6      0x1e4 alarmLed.o
 .debug_str     0x00000fda      0x531 alarmLed.o
                                0x5bc (size before relaxing)
 *fill*         0x0000150b        0x1 
 .debug_frame   0x0000150c       0xcc alarmLed.o
 .debug_info    0x000015d8      0xa41 alarmMonitor.o
 .debug_abbrev  0x00002019      0x1e1 alarmMonitor.o
 .debug_loc     0x000021fa       0xe0 alarmMonitor.o
 .debug_aranges
                0x000022da       0x20 alarmMonitor.o
 .debug_line    0x000022fa      0x177 alarmMonitor.o
 .debug_str     0x00002471       0x72 alarmMonitor.o
                                0x5aa (size before relaxing)
 *fill*         0x000024e3        0x1 
 .debug_frame   0x000024e4       0x88 alarmMonitor.o
 .debug_info    0x0000256c      0xa05 driver.o
 .debug_abbrev  0x00002f71      0x1de driver.o
 .debug_loc     0x0000314f      0x140 driver.o
 .debug_aranges
                0x0000328f       0x20 driver.o
 .debug_line    0x000032af      0x189 driver.o
 .debug_str     0x00003438       0x4c driver.o
                                0x573 (size before relaxing)
 .debug_frame   0x00003484       0xa0 driver.o
 .debug_info    0x00003524      0xa5f highPressure.o
 .debug_abbrev  0x00003f83      0x1cb highPressure.o
 .debug_loc     0x0000414e       0x84 highPressure.o
 .debug_aranges
                0x000041d2       0x20 highPressure.o
 .debug_line    0x000041f2      0x181 highPressure.o
 .debug_str     0x00004373       0x6c highPressure.o
                                0x5b4 (size before relaxing)
 *fill*         0x000043df        0x1 
 .debug_frame   0x000043e0       0x64 highPressure.o
 .debug_info    0x00004444      0xad2 main.o
 .debug_abbrev  0x00004f16      0x1cd main.o
 .debug_loc     0x000050e3       0x2c main.o
 .debug_aranges
                0x0000510f       0x20 main.o
 .debug_line    0x0000512f      0x1a3 main.o
 .debug_str     0x000052d2        0xc main.o
                                0x5f6 (size before relaxing)
 *fill*         0x000052de        0x2 
 .debug_frame   0x000052e0       0x2c main.o
 .debug_info    0x0000530c      0xa2d mAlgo.o
 .debug_abbrev  0x00005d39      0x1f2 mAlgo.o
 .debug_loc     0x00005f2b       0x88 mAlgo.o
 .debug_aranges
                0x00005fb3       0x20 mAlgo.o
 .debug_line    0x00005fd3      0x164 mAlgo.o
 .debug_str     0x00006137       0x45 mAlgo.o
                                0x58f (size before relaxing)
 .debug_frame   0x0000617c       0x54 mAlgo.o
 .debug_info    0x000061d0      0x1a4 startup.o
 .debug_abbrev  0x00006374       0xda startup.o
 .debug_loc     0x0000644e       0x7c startup.o
 .debug_aranges
                0x000064ca       0x20 startup.o
 .debug_line    0x000064ea       0x69 startup.o
 .debug_str     0x00006553       0x88 startup.o
                                0x1ae (size before relaxing)
 *fill*         0x000065db        0x1 
 .debug_frame   0x000065dc       0x50 startup.o

.comment        0x00000000       0x7e
 .comment       0x00000000       0x7e alarmLed.o
                                 0x7f (size before relaxing)
 .comment       0x0000007e       0x7f alarmMonitor.o
 .comment       0x0000007e       0x7f driver.o
 .comment       0x0000007e       0x7f highPressure.o
 .comment       0x0000007e       0x7f main.o
 .comment       0x0000007e       0x7f mAlgo.o
 .comment       0x0000007e       0x7f startup.o

.ARM.attributes
                0x00000000       0x33
 .ARM.attributes
                0x00000000       0x33 alarmLed.o
 .ARM.attributes
                0x00000033       0x33 alarmMonitor.o
 .ARM.attributes
                0x00000066       0x33 driver.o
 .ARM.attributes
                0x00000099       0x33 highPressure.o
 .ARM.attributes
                0x000000cc       0x33 main.o
 .ARM.attributes
                0x000000ff       0x33 mAlgo.o
 .ARM.attributes
                0x00000132       0x33 startup.o

.bss            0x20000018      0x40c
                0x20000018                _S_bss = .
 *(.bss*)
 .bss           0x20000018        0x0 alarmLed.o
 .bss           0x20000018        0x0 alarmMonitor.o
 .bss           0x20000018        0x0 driver.o
 .bss           0x20000018        0x4 highPressure.o
                0x20000018                pressureValue
 .bss           0x2000001c        0x0 main.o
 .bss           0x2000001c        0x4 mAlgo.o
                0x2000001c                pressureVal
 .bss           0x20000020      0x400 startup.o
                0x20000420                _E_bss = .
 COMMON         0x20000420        0x1 alarmLed.o
                0x20000420                led_State_iD
 COMMON         0x20000421        0x1 alarmMonitor.o
                0x20000421                monitorAlarm_id
 COMMON         0x20000422        0x2 highPressure.o
                0x20000422                ps_state_id
                0x20000423                main_State_id
LOAD alarmLed.o
LOAD alarmMonitor.o
LOAD driver.o
LOAD highPressure.o
LOAD main.o
LOAD mAlgo.o
LOAD startup.o
OUTPUT(FinalProject.elf elf32-littlearm)
